// Jest Snapshot v1, https://goo.gl/fbAQLP

exports[`renders correctly 1`] = `
<div
  style={
    Object {
      "textAlign": "center",
    }
  }
>
  <h1>
    Hello Everyone
  </h1>
</div>
`;
